\BOOKMARK [1][-]{section.1}{\376\377\000E\000i\000n\000l\000e\000i\000t\000u\000n\000g}{}% 1
\BOOKMARK [2][-]{subsection.1.1}{\376\377\000M\000o\000t\000i\000v\000a\000t\000i\000o\000n}{section.1}% 2
\BOOKMARK [2][-]{subsection.1.2}{\376\377\000Z\000i\000e\000l}{section.1}% 3
\BOOKMARK [2][-]{subsection.1.3}{\376\377\000A\000u\000f\000b\000a\000u\000\040\000d\000e\000r\000\040\000A\000r\000b\000e\000i\000t}{section.1}% 4
\BOOKMARK [1][-]{section.2}{\376\377\000T\000h\000e\000o\000r\000e\000t\000i\000s\000c\000h\000e\000r\000\040\000H\000i\000n\000t\000e\000r\000g\000r\000u\000n\000d}{}% 5
\BOOKMARK [2][-]{subsection.2.1}{\376\377\000D\000a\000r\000s\000t\000e\000l\000l\000u\000n\000g\000\040\000d\000e\000r\000\040\000P\000o\000s\000i\000t\000i\000o\000n\000\040\000u\000n\000d\000\040\000O\000r\000i\000e\000n\000t\000i\000e\000r\000u\000n\000g\000\040\000e\000i\000n\000e\000s\000\040\000R\000o\000b\000o\000t\000e\000r\000s}{section.2}% 6
\BOOKMARK [2][-]{subsection.2.2}{\376\377\000E\000u\000l\000e\000r\000-\000W\000i\000n\000k\000e\000l\000\040\000u\000n\000d\000\040\000R\000o\000l\000l\000-\000P\000i\000t\000c\000h\000-\000Y\000a\000w\000-\000W\000i\000n\000k\000e\000l}{section.2}% 7
\BOOKMARK [2][-]{subsection.2.3}{\376\377\000R\000o\000t\000a\000t\000i\000o\000n\000s\000m\000a\000t\000r\000i\000z\000e\000n}{section.2}% 8
\BOOKMARK [2][-]{subsection.2.4}{\376\377\000Q\000u\000a\000t\000e\000r\000n\000i\000o\000n\000e\000n\000\040\000u\000n\000d\000\040\000U\000n\000i\000t\000-\000Q\000u\000a\000t\000e\000r\000n\000i\000o\000n\000e\000n}{section.2}% 9
\BOOKMARK [2][-]{subsection.2.5}{\376\377\000D\000i\000f\000f\000e\000r\000e\000n\000t\000i\000a\000l\000a\000n\000t\000r\000i\000e\000b}{section.2}% 10
\BOOKMARK [2][-]{subsection.2.6}{\376\377\000J\000u\000p\000y\000t\000e\000r\000L\000a\000b}{section.2}% 11
\BOOKMARK [1][-]{section.3}{\376\377\000A\000n\000f\000o\000r\000d\000e\000r\000u\000n\000g\000e\000n}{}% 12
\BOOKMARK [1][-]{section.4}{\376\377\000A\000u\000f\000b\000a\000u\000\040\000d\000e\000s\000\040\000F\000r\000a\000m\000e\000w\000o\000r\000k\000s}{}% 13
\BOOKMARK [2][-]{subsection.4.1}{\376\377\000S\000y\000s\000t\000e\000m\000-\000\040\000u\000n\000d\000\040\000S\000o\000f\000t\000w\000a\000r\000e\000u\000m\000g\000e\000b\000u\000n\000g}{section.4}% 14
\BOOKMARK [2][-]{subsection.4.2}{\376\377\000F\000r\000a\000m\000e\000w\000o\000r\000k\000-\000L\000i\000b\000r\000a\000r\000y\000\040\000\050\000I\000m\000p\000l\000e\000m\000e\000n\000t\000i\000e\000r\000u\000n\000g\000s\000d\000e\000t\000a\000i\000l\000s\000\051}{section.4}% 15
\BOOKMARK [2][-]{subsection.4.3}{\376\377\000B\000e\000i\000s\000p\000i\000e\000l\000-\000N\000o\000t\000e\000b\000o\000o\000k\000s}{section.4}% 16
\BOOKMARK [3][-]{subsubsection.4.3.1}{\376\377\000r\000o\000b\000o\000t\000.\000i\000p\000y\000n\000b}{subsection.4.3}% 17
\BOOKMARK [3][-]{subsubsection.4.3.2}{\376\377\000r\000o\000t\000a\000t\000i\000o\000n\000s\000.\000i\000p\000y\000n\000b}{subsection.4.3}% 18
\BOOKMARK [3][-]{subsubsection.4.3.3}{\376\377\000q\000u\000a\000d\000e\000r\000.\000i\000p\000y\000n\000b}{subsection.4.3}% 19
\BOOKMARK [1][-]{section.5}{\376\377\000E\000n\000t\000w\000i\000c\000k\000l\000u\000n\000g\000s\000p\000r\000o\000z\000e\000s\000s}{}% 20
\BOOKMARK [2][-]{subsection.5.1}{\376\377\000W\000a\000h\000l\000\040\000d\000e\000r\000\040\000R\000e\000n\000d\000e\000r\000i\000n\000g\000-\000A\000P\000I}{section.5}% 21
\BOOKMARK [3][-]{subsubsection.5.1.1}{\376\377\000O\000p\000e\000n\000G\000L}{subsection.5.1}% 22
\BOOKMARK [3][-]{subsubsection.5.1.2}{\376\377\000W\000e\000b\000G\000L}{subsection.5.1}% 23
\BOOKMARK [3][-]{subsubsection.5.1.3}{\376\377\000B\000a\000b\000y\000l\000o\000n\000.\000j\000s}{subsection.5.1}% 24
\BOOKMARK [3][-]{subsubsection.5.1.4}{\376\377\000T\000h\000r\000e\000e\000.\000j\000s}{subsection.5.1}% 25
\BOOKMARK [2][-]{subsection.5.2}{\376\377\000T\000h\000r\000e\000e\000.\000j\000s\000-\000P\000r\000o\000t\000o\000t\000y\000p}{section.5}% 26
\BOOKMARK [2][-]{subsection.5.3}{\376\377\000P\000y\000t\000h\000r\000e\000e\000j\000s\000-\000P\000r\000o\000t\000o\000t\000y\000p}{section.5}% 27
\BOOKMARK [2][-]{subsection.5.4}{\376\377\000N\000u\000m\000p\000y\000\040\000a\000l\000s\000\040\000M\000a\000t\000h\000e\000m\000a\000t\000i\000k\000-\000L\000i\000b\000r\000a\000r\000y}{section.5}% 28
\BOOKMARK [2][-]{subsection.5.5}{\376\377\000A\000n\000i\000m\000a\000t\000i\000o\000n\000s\000l\000o\000g\000i\000k}{section.5}% 29
\BOOKMARK [2][-]{subsection.5.6}{\376\377\000E\000n\000v\000i\000r\000o\000n\000m\000e\000n\000t\000-\000K\000l\000a\000s\000s\000e}{section.5}% 30
\BOOKMARK [1][-]{section.6}{\376\377\000E\000v\000a\000l\000u\000a\000t\000i\000o\000n}{}% 31
\BOOKMARK [1][-]{section.7}{\376\377\000A\000u\000s\000b\000l\000i\000c\000k\000\040\000a\000u\000f\000\040\000d\000i\000e\000\040\000B\000a\000c\000h\000e\000l\000o\000r\000a\000r\000b\000e\000i\000t}{}% 32
\BOOKMARK [1][-]{section.8}{\376\377\000A\000n\000h\000a\000n\000g}{}% 33
\BOOKMARK [2][-]{subsection.8.1}{\376\377\000C\000o\000d\000e\000-\000D\000o\000k\000u\000m\000e\000n\000t\000a\000t\000i\000o\000n\000\040\000d\000e\000r\000\040\000P\000y\000t\000h\000o\000n\000-\000B\000i\000b\000l\000i\000o\000t\000h\000e\000k\000\040\000u\000t\000i\000l}{section.8}% 34
